// Jest Snapshot v1, https://goo.gl/fbAQLP

exports[`Section View render text with just 1 bold tag 1`] = `
<div>
  <span
    class="bold"
  >
    W
  </span>
  <span
    class="bold"
  >
    h
  </span>
  <span
    class="bold"
  >
    e
  </span>
  <span
    class="bold"
  >
    n
  </span>
  <span
    class="bold"
  >
     
  </span>
  <span>
    M
  </span>
  <span>
    r
  </span>
  <span>
    .
  </span>
  <span>
     
  </span>
  <span>
    B
  </span>
  <span>
    i
  </span>
  <span>
    l
  </span>
  <span>
    b
  </span>
  <span>
    o
  </span>
  <span>
     
  </span>
  <span>
    B
  </span>
  <span>
    a
  </span>
  <span>
    g
  </span>
  <span>
    g
  </span>
  <span>
    i
  </span>
  <span>
    n
  </span>
  <span>
    s
  </span>
  <span>
     
  </span>
  <span>
    o
  </span>
  <span>
    f
  </span>
  <span>
     
  </span>
  <span>
    B
  </span>
  <span>
    a
  </span>
  <span>
    g
  </span>
  <span>
     
  </span>
  <span>
    E
  </span>
  <span>
    n
  </span>
  <span>
    d
  </span>
  <span>
     
  </span>
  <span>
    a
  </span>
  <span>
    n
  </span>
  <span>
    n
  </span>
  <span>
    o
  </span>
  <span>
    u
  </span>
  <span>
    n
  </span>
  <span>
    c
  </span>
  <span>
    e
  </span>
  <span>
    d
  </span>
  <span>
     
  </span>
  <span>
    t
  </span>
  <span>
    h
  </span>
  <span>
    a
  </span>
  <span>
    t
  </span>
  <span>
     
  </span>
  <span>
    h
  </span>
  <span>
    e
  </span>
  <span>
     
  </span>
  <span>
    w
  </span>
  <span>
    o
  </span>
  <span>
    u
  </span>
  <span>
    l
  </span>
  <span>
    d
  </span>
  <span>
     
  </span>
  <span>
    s
  </span>
  <span>
    h
  </span>
  <span>
    o
  </span>
  <span>
    r
  </span>
  <span>
    t
  </span>
  <span>
    l
  </span>
  <span>
    y
  </span>
  <span>
     
  </span>
  <span>
    b
  </span>
  <span>
    e
  </span>
  <span>
     
  </span>
  <span>
    c
  </span>
  <span>
    e
  </span>
  <span>
    l
  </span>
  <span>
    e
  </span>
  <span>
    b
  </span>
  <span>
    r
  </span>
  <span>
    a
  </span>
  <span>
    t
  </span>
  <span>
    i
  </span>
  <span>
    n
  </span>
  <span>
    g
  </span>
  <span>
     
  </span>
  <span>
    h
  </span>
  <span>
    i
  </span>
  <span>
    s
  </span>
  <span>
     
  </span>
  <span>
    e
  </span>
  <span>
    l
  </span>
  <span>
    e
  </span>
  <span>
    v
  </span>
  <span>
    e
  </span>
  <span>
    n
  </span>
  <span>
    t
  </span>
  <span>
    y
  </span>
  <span>
    -
  </span>
  <span>
    f
  </span>
  <span>
    i
  </span>
  <span>
    r
  </span>
  <span>
    s
  </span>
  <span>
    t
  </span>
  <span>
     
  </span>
  <span>
    b
  </span>
  <span>
    i
  </span>
  <span>
    r
  </span>
  <span>
    t
  </span>
  <span>
    h
  </span>
  <span>
    d
  </span>
  <span>
    a
  </span>
  <span>
    y
  </span>
  <span>
     
  </span>
  <span>
    w
  </span>
  <span>
    i
  </span>
  <span>
    t
  </span>
  <span>
    h
  </span>
  <span>
     
  </span>
  <span>
    a
  </span>
  <span>
     
  </span>
  <span>
    p
  </span>
  <span>
    a
  </span>
  <span>
    r
  </span>
  <span>
    t
  </span>
  <span>
    y
  </span>
  <span>
     
  </span>
  <span>
    o
  </span>
  <span>
    f
  </span>
  <span>
     
  </span>
  <span>
    s
  </span>
  <span>
    p
  </span>
  <span>
    e
  </span>
  <span>
    c
  </span>
  <span>
    i
  </span>
  <span>
    a
  </span>
  <span>
    l
  </span>
  <span>
     
  </span>
  <span>
    m
  </span>
  <span>
    a
  </span>
  <span>
    g
  </span>
  <span>
    n
  </span>
  <span>
    i
  </span>
  <span>
    f
  </span>
  <span>
    i
  </span>
  <span>
    c
  </span>
  <span>
    e
  </span>
  <span>
    n
  </span>
  <span>
    c
  </span>
  <span>
    e
  </span>
  <span>
    ,
  </span>
  <span>
     
  </span>
  <span>
    t
  </span>
  <span>
    h
  </span>
  <span>
    e
  </span>
  <span>
    r
  </span>
  <span>
    e
  </span>
  <span>
     
  </span>
  <span>
    w
  </span>
  <span>
    a
  </span>
  <span>
    s
  </span>
  <span>
     
  </span>
  <span>
    m
  </span>
  <span>
    u
  </span>
  <span>
    c
  </span>
  <span>
    h
  </span>
  <span>
     
  </span>
  <span>
    t
  </span>
  <span>
    a
  </span>
  <span>
    l
  </span>
  <span>
    k
  </span>
  <span>
     
  </span>
  <span>
    a
  </span>
  <span>
    n
  </span>
  <span>
    d
  </span>
  <span>
     
  </span>
  <span>
    e
  </span>
  <span>
    x
  </span>
  <span>
    c
  </span>
  <span>
    i
  </span>
  <span>
    t
  </span>
  <span>
    e
  </span>
  <span>
    m
  </span>
  <span>
    e
  </span>
  <span>
    n
  </span>
  <span>
    t
  </span>
  <span>
     
  </span>
  <span>
    i
  </span>
  <span>
    n
  </span>
  <span>
     
  </span>
  <span>
    H
  </span>
  <span>
    o
  </span>
  <span>
    b
  </span>
  <span>
    b
  </span>
  <span>
    i
  </span>
  <span>
    t
  </span>
  <span>
    o
  </span>
  <span>
    n
  </span>
  <span>
    .
  </span>
</div>
`;

exports[`Section View render text with just 2 bold tags 1`] = `
<div>
  <span>
    T
  </span>
  <span>
    h
  </span>
  <span>
    e
  </span>
  <span>
     
  </span>
  <span>
    r
  </span>
  <span>
    i
  </span>
  <span>
    c
  </span>
  <span>
    h
  </span>
  <span>
    e
  </span>
  <span>
    s
  </span>
  <span
    class="bold"
  >
     
  </span>
  <span
    class="bold"
  >
    h
  </span>
  <span
    class="bold"
  >
    e
  </span>
  <span
    class="bold"
  >
     
  </span>
  <span
    class="bold"
  >
    h
  </span>
  <span>
    a
  </span>
  <span>
    d
  </span>
  <span>
     
  </span>
  <span>
    b
  </span>
  <span>
    r
  </span>
  <span>
    o
  </span>
  <span>
    u
  </span>
  <span>
    g
  </span>
  <span>
    h
  </span>
  <span>
    t
  </span>
  <span>
     
  </span>
  <span>
    b
  </span>
  <span>
    a
  </span>
  <span>
    c
  </span>
  <span>
    k
  </span>
  <span
    class="bold"
  >
     
  </span>
  <span
    class="bold"
  >
    f
  </span>
  <span
    class="bold"
  >
    r
  </span>
  <span
    class="bold"
  >
    o
  </span>
  <span
    class="bold"
  >
    m
  </span>
  <span
    class="bold"
  >
     
  </span>
  <span
    class="bold"
  >
    h
  </span>
  <span
    class="bold"
  >
    i
  </span>
  <span
    class="bold"
  >
    s
  </span>
  <span
    class="bold"
  >
     
  </span>
  <span
    class="bold"
  >
    t
  </span>
  <span
    class="bold"
  >
    r
  </span>
  <span
    class="bold"
  >
    a
  </span>
  <span
    class="bold"
  >
    v
  </span>
  <span
    class="bold"
  >
    e
  </span>
  <span
    class="bold"
  >
    l
  </span>
  <span
    class="bold"
  >
    s
  </span>
  <span
    class="bold"
  >
     
  </span>
  <span
    class="bold"
  >
    h
  </span>
  <span
    class="bold"
  >
    a
  </span>
  <span
    class="bold"
  >
    d
  </span>
  <span>
     
  </span>
  <span>
    n
  </span>
  <span>
    o
  </span>
  <span>
    w
  </span>
  <span>
     
  </span>
  <span>
    b
  </span>
  <span>
    e
  </span>
  <span>
    c
  </span>
  <span>
    o
  </span>
  <span>
    m
  </span>
  <span>
    e
  </span>
  <span>
     
  </span>
  <span>
    a
  </span>
  <span>
     
  </span>
  <span>
    l
  </span>
  <span>
    o
  </span>
  <span>
    c
  </span>
  <span>
    a
  </span>
  <span>
    l
  </span>
  <span>
     
  </span>
  <span>
    l
  </span>
  <span>
    e
  </span>
  <span>
    g
  </span>
  <span>
    e
  </span>
  <span>
    n
  </span>
  <span>
    d
  </span>
  <span>
    ,
  </span>
  <span>
     
  </span>
  <span>
    a
  </span>
  <span>
    n
  </span>
  <span>
    d
  </span>
  <span>
     
  </span>
  <span>
    i
  </span>
  <span>
    t
  </span>
  <span>
     
  </span>
  <span>
    w
  </span>
  <span>
    a
  </span>
  <span>
    s
  </span>
  <span>
     
  </span>
  <span>
    p
  </span>
  <span>
    o
  </span>
  <span>
    p
  </span>
  <span>
    u
  </span>
  <span>
    l
  </span>
  <span>
    a
  </span>
  <span>
    r
  </span>
  <span>
    l
  </span>
  <span>
    y
  </span>
  <span>
     
  </span>
  <span>
    b
  </span>
  <span>
    e
  </span>
  <span>
    l
  </span>
  <span>
    i
  </span>
  <span>
    e
  </span>
  <span>
    v
  </span>
  <span>
    e
  </span>
  <span>
    d
  </span>
  <span>
    ,
  </span>
  <span>
     
  </span>
  <span>
    w
  </span>
  <span>
    h
  </span>
  <span>
    a
  </span>
  <span>
    t
  </span>
  <span>
    e
  </span>
  <span>
    v
  </span>
  <span>
    e
  </span>
  <span>
    r
  </span>
  <span>
     
  </span>
  <span>
    t
  </span>
  <span>
    h
  </span>
  <span>
    e
  </span>
  <span>
     
  </span>
  <span>
    o
  </span>
  <span>
    l
  </span>
  <span>
    d
  </span>
  <span>
     
  </span>
  <span>
    f
  </span>
  <span>
    o
  </span>
  <span>
    l
  </span>
  <span>
    k
  </span>
  <span>
     
  </span>
  <span>
    m
  </span>
  <span>
    i
  </span>
  <span>
    g
  </span>
  <span>
    h
  </span>
  <span>
    t
  </span>
  <span>
     
  </span>
  <span>
    s
  </span>
  <span>
    a
  </span>
  <span>
    y
  </span>
  <span>
    ,
  </span>
  <span>
     
  </span>
  <span>
    t
  </span>
  <span>
    h
  </span>
  <span>
    a
  </span>
  <span>
    t
  </span>
  <span>
     
  </span>
  <span>
    t
  </span>
  <span>
    h
  </span>
  <span>
    e
  </span>
  <span>
     
  </span>
  <span>
    H
  </span>
  <span>
    i
  </span>
  <span>
    l
  </span>
  <span>
    l
  </span>
  <span>
     
  </span>
  <span>
    a
  </span>
  <span>
    t
  </span>
  <span>
     
  </span>
  <span>
    B
  </span>
  <span>
    a
  </span>
  <span>
    g
  </span>
  <span>
     
  </span>
  <span>
    E
  </span>
  <span>
    n
  </span>
  <span>
    d
  </span>
  <span>
     
  </span>
  <span>
    w
  </span>
  <span>
    a
  </span>
  <span>
    s
  </span>
  <span>
     
  </span>
  <span>
    f
  </span>
  <span>
    u
  </span>
  <span>
    l
  </span>
  <span>
    l
  </span>
  <span>
     
  </span>
  <span>
    o
  </span>
  <span>
    f
  </span>
  <span>
     
  </span>
  <span>
    t
  </span>
  <span>
    u
  </span>
  <span>
    n
  </span>
  <span>
    n
  </span>
  <span>
    e
  </span>
  <span>
    l
  </span>
  <span>
    s
  </span>
  <span>
     
  </span>
  <span>
    s
  </span>
  <span>
    t
  </span>
  <span>
    u
  </span>
  <span>
    f
  </span>
  <span>
    f
  </span>
  <span>
    e
  </span>
  <span>
    d
  </span>
  <span>
     
  </span>
  <span>
    w
  </span>
  <span>
    i
  </span>
  <span>
    t
  </span>
  <span>
    h
  </span>
  <span>
     
  </span>
  <span>
    t
  </span>
  <span>
    r
  </span>
  <span>
    e
  </span>
  <span>
    a
  </span>
  <span>
    s
  </span>
  <span>
    u
  </span>
  <span>
    r
  </span>
  <span>
    e
  </span>
  <span>
    .
  </span>
</div>
`;

exports[`Section View render text witouth styling 1`] = `
<div>
  <span>
    B
  </span>
  <span>
    i
  </span>
  <span>
    l
  </span>
  <span>
    b
  </span>
  <span>
    o
  </span>
  <span>
     
  </span>
  <span>
    w
  </span>
  <span>
    a
  </span>
  <span>
    s
  </span>
  <span>
     
  </span>
  <span>
    v
  </span>
  <span>
    e
  </span>
  <span>
    r
  </span>
  <span>
    y
  </span>
  <span>
     
  </span>
  <span>
    r
  </span>
  <span>
    i
  </span>
  <span>
    c
  </span>
  <span>
    h
  </span>
  <span>
     
  </span>
  <span>
    a
  </span>
  <span>
    n
  </span>
  <span>
    d
  </span>
  <span>
     
  </span>
  <span>
    v
  </span>
  <span>
    e
  </span>
  <span>
    r
  </span>
  <span>
    y
  </span>
  <span>
     
  </span>
  <span>
    p
  </span>
  <span>
    e
  </span>
  <span>
    c
  </span>
  <span>
    u
  </span>
  <span>
    l
  </span>
  <span>
    i
  </span>
  <span>
    a
  </span>
  <span>
    r
  </span>
  <span>
    ,
  </span>
  <span>
     
  </span>
  <span>
    a
  </span>
  <span>
    n
  </span>
  <span>
    d
  </span>
  <span>
     
  </span>
  <span>
    h
  </span>
  <span>
    a
  </span>
  <span>
    d
  </span>
  <span>
     
  </span>
  <span>
    b
  </span>
  <span>
    e
  </span>
  <span>
    e
  </span>
  <span>
    n
  </span>
  <span>
     
  </span>
  <span>
    t
  </span>
  <span>
    h
  </span>
  <span>
    e
  </span>
  <span>
     
  </span>
  <span>
    w
  </span>
  <span>
    o
  </span>
  <span>
    n
  </span>
  <span>
    d
  </span>
  <span>
    e
  </span>
  <span>
    r
  </span>
  <span>
     
  </span>
  <span>
    o
  </span>
  <span>
    f
  </span>
  <span>
     
  </span>
  <span>
    t
  </span>
  <span>
    h
  </span>
  <span>
    e
  </span>
  <span>
     
  </span>
  <span>
    S
  </span>
  <span>
    h
  </span>
  <span>
    i
  </span>
  <span>
    r
  </span>
  <span>
    e
  </span>
  <span>
     
  </span>
  <span>
    f
  </span>
  <span>
    o
  </span>
  <span>
    r
  </span>
  <span>
     
  </span>
  <span>
    s
  </span>
  <span>
    i
  </span>
  <span>
    x
  </span>
  <span>
    t
  </span>
  <span>
    y
  </span>
  <span>
     
  </span>
  <span>
    y
  </span>
  <span>
    e
  </span>
  <span>
    a
  </span>
  <span>
    r
  </span>
  <span>
    s
  </span>
  <span>
    ,
  </span>
  <span>
     
  </span>
  <span>
    e
  </span>
  <span>
    v
  </span>
  <span>
    e
  </span>
  <span>
    r
  </span>
  <span>
     
  </span>
  <span>
    s
  </span>
  <span>
    i
  </span>
  <span>
    n
  </span>
  <span>
    c
  </span>
  <span>
    e
  </span>
  <span>
     
  </span>
  <span>
    h
  </span>
  <span>
    i
  </span>
  <span>
    s
  </span>
  <span>
     
  </span>
  <span>
    r
  </span>
  <span>
    e
  </span>
  <span>
    m
  </span>
  <span>
    a
  </span>
  <span>
    r
  </span>
  <span>
    k
  </span>
  <span>
    a
  </span>
  <span>
    b
  </span>
  <span>
    l
  </span>
  <span>
    e
  </span>
  <span>
     
  </span>
  <span>
    d
  </span>
  <span>
    i
  </span>
  <span>
    s
  </span>
  <span>
    a
  </span>
  <span>
    p
  </span>
  <span>
    p
  </span>
  <span>
    e
  </span>
  <span>
    a
  </span>
  <span>
    r
  </span>
  <span>
    a
  </span>
  <span>
    n
  </span>
  <span>
    c
  </span>
  <span>
    e
  </span>
  <span>
     
  </span>
  <span>
    a
  </span>
  <span>
    n
  </span>
  <span>
    d
  </span>
  <span>
     
  </span>
  <span>
    u
  </span>
  <span>
    n
  </span>
  <span>
    e
  </span>
  <span>
    x
  </span>
  <span>
    p
  </span>
  <span>
    e
  </span>
  <span>
    c
  </span>
  <span>
    t
  </span>
  <span>
    e
  </span>
  <span>
    d
  </span>
  <span>
     
  </span>
  <span>
    r
  </span>
  <span>
    e
  </span>
  <span>
    t
  </span>
  <span>
    u
  </span>
  <span>
    r
  </span>
  <span>
    n
  </span>
  <span>
    .
  </span>
  <span>
     
  </span>
</div>
`;
