// Jest Snapshot v1, https://goo.gl/fbAQLP

exports[`Section View render text with just 1 bold tag 1`] = `
<div
  data-section-id="1"
>
  <span
    class="bold"
    data-type="char"
  >
    W
  </span>
  <span
    class="bold"
    data-type="char"
  >
    h
  </span>
  <span
    class="bold"
    data-type="char"
  >
    e
  </span>
  <span
    class="bold"
    data-type="char"
  >
    n
  </span>
  <span
    class="bold"
    data-type="char"
  >
     
  </span>
  <span
    data-type="char"
  >
    M
  </span>
  <span
    data-type="char"
  >
    r
  </span>
  <span
    data-type="char"
  >
    .
  </span>
  <span
    data-type="char"
  >
     
  </span>
  <span
    data-type="char"
  >
    B
  </span>
  <span
    data-type="char"
  >
    i
  </span>
  <span
    data-type="char"
  >
    l
  </span>
  <span
    data-type="char"
  >
    b
  </span>
  <span
    data-type="char"
  >
    o
  </span>
  <span
    data-type="char"
  >
     
  </span>
  <span
    data-type="char"
  >
    B
  </span>
  <span
    data-type="char"
  >
    a
  </span>
  <span
    data-type="char"
  >
    g
  </span>
  <span
    data-type="char"
  >
    g
  </span>
  <span
    data-type="char"
  >
    i
  </span>
  <span
    data-type="char"
  >
    n
  </span>
  <span
    data-type="char"
  >
    s
  </span>
  <span
    data-type="char"
  >
     
  </span>
  <span
    data-type="char"
  >
    o
  </span>
  <span
    data-type="char"
  >
    f
  </span>
  <span
    data-type="char"
  >
     
  </span>
  <span
    data-type="char"
  >
    B
  </span>
  <span
    data-type="char"
  >
    a
  </span>
  <span
    data-type="char"
  >
    g
  </span>
  <span
    data-type="char"
  >
     
  </span>
  <span
    data-type="char"
  >
    E
  </span>
  <span
    data-type="char"
  >
    n
  </span>
  <span
    data-type="char"
  >
    d
  </span>
  <span
    data-type="char"
  >
     
  </span>
  <span
    data-type="char"
  >
    a
  </span>
  <span
    data-type="char"
  >
    n
  </span>
  <span
    data-type="char"
  >
    n
  </span>
  <span
    data-type="char"
  >
    o
  </span>
  <span
    data-type="char"
  >
    u
  </span>
  <span
    data-type="char"
  >
    n
  </span>
  <span
    data-type="char"
  >
    c
  </span>
  <span
    data-type="char"
  >
    e
  </span>
  <span
    data-type="char"
  >
    d
  </span>
  <span
    data-type="char"
  >
     
  </span>
  <span
    data-type="char"
  >
    t
  </span>
  <span
    data-type="char"
  >
    h
  </span>
  <span
    data-type="char"
  >
    a
  </span>
  <span
    data-type="char"
  >
    t
  </span>
  <span
    data-type="char"
  >
     
  </span>
  <span
    data-type="char"
  >
    h
  </span>
  <span
    data-type="char"
  >
    e
  </span>
  <span
    data-type="char"
  >
     
  </span>
  <span
    data-type="char"
  >
    w
  </span>
  <span
    data-type="char"
  >
    o
  </span>
  <span
    data-type="char"
  >
    u
  </span>
  <span
    data-type="char"
  >
    l
  </span>
  <span
    data-type="char"
  >
    d
  </span>
  <span
    data-type="char"
  >
     
  </span>
  <span
    data-type="char"
  >
    s
  </span>
  <span
    data-type="char"
  >
    h
  </span>
  <span
    data-type="char"
  >
    o
  </span>
  <span
    data-type="char"
  >
    r
  </span>
  <span
    data-type="char"
  >
    t
  </span>
  <span
    data-type="char"
  >
    l
  </span>
  <span
    data-type="char"
  >
    y
  </span>
  <span
    data-type="char"
  >
     
  </span>
  <span
    data-type="char"
  >
    b
  </span>
  <span
    data-type="char"
  >
    e
  </span>
  <span
    data-type="char"
  >
     
  </span>
  <span
    data-type="char"
  >
    c
  </span>
  <span
    data-type="char"
  >
    e
  </span>
  <span
    data-type="char"
  >
    l
  </span>
  <span
    data-type="char"
  >
    e
  </span>
  <span
    data-type="char"
  >
    b
  </span>
  <span
    data-type="char"
  >
    r
  </span>
  <span
    data-type="char"
  >
    a
  </span>
  <span
    data-type="char"
  >
    t
  </span>
  <span
    data-type="char"
  >
    i
  </span>
  <span
    data-type="char"
  >
    n
  </span>
  <span
    data-type="char"
  >
    g
  </span>
  <span
    data-type="char"
  >
     
  </span>
  <span
    data-type="char"
  >
    h
  </span>
  <span
    data-type="char"
  >
    i
  </span>
  <span
    data-type="char"
  >
    s
  </span>
  <span
    data-type="char"
  >
     
  </span>
  <span
    data-type="char"
  >
    e
  </span>
  <span
    data-type="char"
  >
    l
  </span>
  <span
    data-type="char"
  >
    e
  </span>
  <span
    data-type="char"
  >
    v
  </span>
  <span
    data-type="char"
  >
    e
  </span>
  <span
    data-type="char"
  >
    n
  </span>
  <span
    data-type="char"
  >
    t
  </span>
  <span
    data-type="char"
  >
    y
  </span>
  <span
    data-type="char"
  >
    -
  </span>
  <span
    data-type="char"
  >
    f
  </span>
  <span
    data-type="char"
  >
    i
  </span>
  <span
    data-type="char"
  >
    r
  </span>
  <span
    data-type="char"
  >
    s
  </span>
  <span
    data-type="char"
  >
    t
  </span>
  <span
    data-type="char"
  >
     
  </span>
  <span
    data-type="char"
  >
    b
  </span>
  <span
    data-type="char"
  >
    i
  </span>
  <span
    data-type="char"
  >
    r
  </span>
  <span
    data-type="char"
  >
    t
  </span>
  <span
    data-type="char"
  >
    h
  </span>
  <span
    data-type="char"
  >
    d
  </span>
  <span
    data-type="char"
  >
    a
  </span>
  <span
    data-type="char"
  >
    y
  </span>
  <span
    data-type="char"
  >
     
  </span>
  <span
    data-type="char"
  >
    w
  </span>
  <span
    data-type="char"
  >
    i
  </span>
  <span
    data-type="char"
  >
    t
  </span>
  <span
    data-type="char"
  >
    h
  </span>
  <span
    data-type="char"
  >
     
  </span>
  <span
    data-type="char"
  >
    a
  </span>
  <span
    data-type="char"
  >
     
  </span>
  <span
    data-type="char"
  >
    p
  </span>
  <span
    data-type="char"
  >
    a
  </span>
  <span
    data-type="char"
  >
    r
  </span>
  <span
    data-type="char"
  >
    t
  </span>
  <span
    data-type="char"
  >
    y
  </span>
  <span
    data-type="char"
  >
     
  </span>
  <span
    data-type="char"
  >
    o
  </span>
  <span
    data-type="char"
  >
    f
  </span>
  <span
    data-type="char"
  >
     
  </span>
  <span
    data-type="char"
  >
    s
  </span>
  <span
    data-type="char"
  >
    p
  </span>
  <span
    data-type="char"
  >
    e
  </span>
  <span
    data-type="char"
  >
    c
  </span>
  <span
    data-type="char"
  >
    i
  </span>
  <span
    data-type="char"
  >
    a
  </span>
  <span
    data-type="char"
  >
    l
  </span>
  <span
    data-type="char"
  >
     
  </span>
  <span
    data-type="char"
  >
    m
  </span>
  <span
    data-type="char"
  >
    a
  </span>
  <span
    data-type="char"
  >
    g
  </span>
  <span
    data-type="char"
  >
    n
  </span>
  <span
    data-type="char"
  >
    i
  </span>
  <span
    data-type="char"
  >
    f
  </span>
  <span
    data-type="char"
  >
    i
  </span>
  <span
    data-type="char"
  >
    c
  </span>
  <span
    data-type="char"
  >
    e
  </span>
  <span
    data-type="char"
  >
    n
  </span>
  <span
    data-type="char"
  >
    c
  </span>
  <span
    data-type="char"
  >
    e
  </span>
  <span
    data-type="char"
  >
    ,
  </span>
  <span
    data-type="char"
  >
     
  </span>
  <span
    data-type="char"
  >
    t
  </span>
  <span
    data-type="char"
  >
    h
  </span>
  <span
    data-type="char"
  >
    e
  </span>
  <span
    data-type="char"
  >
    r
  </span>
  <span
    data-type="char"
  >
    e
  </span>
  <span
    data-type="char"
  >
     
  </span>
  <span
    data-type="char"
  >
    w
  </span>
  <span
    data-type="char"
  >
    a
  </span>
  <span
    data-type="char"
  >
    s
  </span>
  <span
    data-type="char"
  >
     
  </span>
  <span
    data-type="char"
  >
    m
  </span>
  <span
    data-type="char"
  >
    u
  </span>
  <span
    data-type="char"
  >
    c
  </span>
  <span
    data-type="char"
  >
    h
  </span>
  <span
    data-type="char"
  >
     
  </span>
  <span
    data-type="char"
  >
    t
  </span>
  <span
    data-type="char"
  >
    a
  </span>
  <span
    data-type="char"
  >
    l
  </span>
  <span
    data-type="char"
  >
    k
  </span>
  <span
    data-type="char"
  >
     
  </span>
  <span
    data-type="char"
  >
    a
  </span>
  <span
    data-type="char"
  >
    n
  </span>
  <span
    data-type="char"
  >
    d
  </span>
  <span
    data-type="char"
  >
     
  </span>
  <span
    data-type="char"
  >
    e
  </span>
  <span
    data-type="char"
  >
    x
  </span>
  <span
    data-type="char"
  >
    c
  </span>
  <span
    data-type="char"
  >
    i
  </span>
  <span
    data-type="char"
  >
    t
  </span>
  <span
    data-type="char"
  >
    e
  </span>
  <span
    data-type="char"
  >
    m
  </span>
  <span
    data-type="char"
  >
    e
  </span>
  <span
    data-type="char"
  >
    n
  </span>
  <span
    data-type="char"
  >
    t
  </span>
  <span
    data-type="char"
  >
     
  </span>
  <span
    data-type="char"
  >
    i
  </span>
  <span
    data-type="char"
  >
    n
  </span>
  <span
    data-type="char"
  >
     
  </span>
  <span
    data-type="char"
  >
    H
  </span>
  <span
    data-type="char"
  >
    o
  </span>
  <span
    data-type="char"
  >
    b
  </span>
  <span
    data-type="char"
  >
    b
  </span>
  <span
    data-type="char"
  >
    i
  </span>
  <span
    data-type="char"
  >
    t
  </span>
  <span
    data-type="char"
  >
    o
  </span>
  <span
    data-type="char"
  >
    n
  </span>
  <span
    data-type="char"
  >
    .
  </span>
</div>
`;

exports[`Section View render text with just 2 bold tags 1`] = `
<div
  data-section-id="3"
>
  <span
    data-type="char"
  >
    T
  </span>
  <span
    data-type="char"
  >
    h
  </span>
  <span
    data-type="char"
  >
    e
  </span>
  <span
    data-type="char"
  >
     
  </span>
  <span
    data-type="char"
  >
    r
  </span>
  <span
    data-type="char"
  >
    i
  </span>
  <span
    data-type="char"
  >
    c
  </span>
  <span
    data-type="char"
  >
    h
  </span>
  <span
    data-type="char"
  >
    e
  </span>
  <span
    data-type="char"
  >
    s
  </span>
  <span
    class="bold"
    data-type="char"
  >
     
  </span>
  <span
    class="bold"
    data-type="char"
  >
    h
  </span>
  <span
    class="bold"
    data-type="char"
  >
    e
  </span>
  <span
    class="bold"
    data-type="char"
  >
     
  </span>
  <span
    class="bold"
    data-type="char"
  >
    h
  </span>
  <span
    data-type="char"
  >
    a
  </span>
  <span
    data-type="char"
  >
    d
  </span>
  <span
    data-type="char"
  >
     
  </span>
  <span
    data-type="char"
  >
    b
  </span>
  <span
    data-type="char"
  >
    r
  </span>
  <span
    data-type="char"
  >
    o
  </span>
  <span
    data-type="char"
  >
    u
  </span>
  <span
    data-type="char"
  >
    g
  </span>
  <span
    data-type="char"
  >
    h
  </span>
  <span
    data-type="char"
  >
    t
  </span>
  <span
    data-type="char"
  >
     
  </span>
  <span
    data-type="char"
  >
    b
  </span>
  <span
    data-type="char"
  >
    a
  </span>
  <span
    data-type="char"
  >
    c
  </span>
  <span
    data-type="char"
  >
    k
  </span>
  <span
    class="bold"
    data-type="char"
  >
     
  </span>
  <span
    class="bold"
    data-type="char"
  >
    f
  </span>
  <span
    class="bold"
    data-type="char"
  >
    r
  </span>
  <span
    class="bold"
    data-type="char"
  >
    o
  </span>
  <span
    class="bold"
    data-type="char"
  >
    m
  </span>
  <span
    class="bold"
    data-type="char"
  >
     
  </span>
  <span
    class="bold"
    data-type="char"
  >
    h
  </span>
  <span
    class="bold"
    data-type="char"
  >
    i
  </span>
  <span
    class="bold"
    data-type="char"
  >
    s
  </span>
  <span
    class="bold"
    data-type="char"
  >
     
  </span>
  <span
    class="bold"
    data-type="char"
  >
    t
  </span>
  <span
    class="bold"
    data-type="char"
  >
    r
  </span>
  <span
    class="bold"
    data-type="char"
  >
    a
  </span>
  <span
    class="bold"
    data-type="char"
  >
    v
  </span>
  <span
    class="bold"
    data-type="char"
  >
    e
  </span>
  <span
    class="bold"
    data-type="char"
  >
    l
  </span>
  <span
    class="bold"
    data-type="char"
  >
    s
  </span>
  <span
    class="bold"
    data-type="char"
  >
     
  </span>
  <span
    class="bold"
    data-type="char"
  >
    h
  </span>
  <span
    class="bold"
    data-type="char"
  >
    a
  </span>
  <span
    class="bold"
    data-type="char"
  >
    d
  </span>
  <span
    data-type="char"
  >
     
  </span>
  <span
    data-type="char"
  >
    n
  </span>
  <span
    data-type="char"
  >
    o
  </span>
  <span
    data-type="char"
  >
    w
  </span>
  <span
    data-type="char"
  >
     
  </span>
  <span
    data-type="char"
  >
    b
  </span>
  <span
    data-type="char"
  >
    e
  </span>
  <span
    data-type="char"
  >
    c
  </span>
  <span
    data-type="char"
  >
    o
  </span>
  <span
    data-type="char"
  >
    m
  </span>
  <span
    data-type="char"
  >
    e
  </span>
  <span
    data-type="char"
  >
     
  </span>
  <span
    data-type="char"
  >
    a
  </span>
  <span
    data-type="char"
  >
     
  </span>
  <span
    data-type="char"
  >
    l
  </span>
  <span
    data-type="char"
  >
    o
  </span>
  <span
    data-type="char"
  >
    c
  </span>
  <span
    data-type="char"
  >
    a
  </span>
  <span
    data-type="char"
  >
    l
  </span>
  <span
    data-type="char"
  >
     
  </span>
  <span
    data-type="char"
  >
    l
  </span>
  <span
    data-type="char"
  >
    e
  </span>
  <span
    data-type="char"
  >
    g
  </span>
  <span
    data-type="char"
  >
    e
  </span>
  <span
    data-type="char"
  >
    n
  </span>
  <span
    data-type="char"
  >
    d
  </span>
  <span
    data-type="char"
  >
    ,
  </span>
  <span
    data-type="char"
  >
     
  </span>
  <span
    data-type="char"
  >
    a
  </span>
  <span
    data-type="char"
  >
    n
  </span>
  <span
    data-type="char"
  >
    d
  </span>
  <span
    data-type="char"
  >
     
  </span>
  <span
    data-type="char"
  >
    i
  </span>
  <span
    data-type="char"
  >
    t
  </span>
  <span
    data-type="char"
  >
     
  </span>
  <span
    data-type="char"
  >
    w
  </span>
  <span
    data-type="char"
  >
    a
  </span>
  <span
    data-type="char"
  >
    s
  </span>
  <span
    data-type="char"
  >
     
  </span>
  <span
    data-type="char"
  >
    p
  </span>
  <span
    data-type="char"
  >
    o
  </span>
  <span
    data-type="char"
  >
    p
  </span>
  <span
    data-type="char"
  >
    u
  </span>
  <span
    data-type="char"
  >
    l
  </span>
  <span
    data-type="char"
  >
    a
  </span>
  <span
    data-type="char"
  >
    r
  </span>
  <span
    data-type="char"
  >
    l
  </span>
  <span
    data-type="char"
  >
    y
  </span>
  <span
    data-type="char"
  >
     
  </span>
  <span
    data-type="char"
  >
    b
  </span>
  <span
    data-type="char"
  >
    e
  </span>
  <span
    data-type="char"
  >
    l
  </span>
  <span
    data-type="char"
  >
    i
  </span>
  <span
    data-type="char"
  >
    e
  </span>
  <span
    data-type="char"
  >
    v
  </span>
  <span
    data-type="char"
  >
    e
  </span>
  <span
    data-type="char"
  >
    d
  </span>
  <span
    data-type="char"
  >
    ,
  </span>
  <span
    data-type="char"
  >
     
  </span>
  <span
    data-type="char"
  >
    w
  </span>
  <span
    data-type="char"
  >
    h
  </span>
  <span
    data-type="char"
  >
    a
  </span>
  <span
    data-type="char"
  >
    t
  </span>
  <span
    data-type="char"
  >
    e
  </span>
  <span
    data-type="char"
  >
    v
  </span>
  <span
    data-type="char"
  >
    e
  </span>
  <span
    data-type="char"
  >
    r
  </span>
  <span
    data-type="char"
  >
     
  </span>
  <span
    data-type="char"
  >
    t
  </span>
  <span
    data-type="char"
  >
    h
  </span>
  <span
    data-type="char"
  >
    e
  </span>
  <span
    data-type="char"
  >
     
  </span>
  <span
    data-type="char"
  >
    o
  </span>
  <span
    data-type="char"
  >
    l
  </span>
  <span
    data-type="char"
  >
    d
  </span>
  <span
    data-type="char"
  >
     
  </span>
  <span
    data-type="char"
  >
    f
  </span>
  <span
    data-type="char"
  >
    o
  </span>
  <span
    data-type="char"
  >
    l
  </span>
  <span
    data-type="char"
  >
    k
  </span>
  <span
    data-type="char"
  >
     
  </span>
  <span
    data-type="char"
  >
    m
  </span>
  <span
    data-type="char"
  >
    i
  </span>
  <span
    data-type="char"
  >
    g
  </span>
  <span
    data-type="char"
  >
    h
  </span>
  <span
    data-type="char"
  >
    t
  </span>
  <span
    data-type="char"
  >
     
  </span>
  <span
    data-type="char"
  >
    s
  </span>
  <span
    data-type="char"
  >
    a
  </span>
  <span
    data-type="char"
  >
    y
  </span>
  <span
    data-type="char"
  >
    ,
  </span>
  <span
    data-type="char"
  >
     
  </span>
  <span
    data-type="char"
  >
    t
  </span>
  <span
    data-type="char"
  >
    h
  </span>
  <span
    data-type="char"
  >
    a
  </span>
  <span
    data-type="char"
  >
    t
  </span>
  <span
    data-type="char"
  >
     
  </span>
  <span
    data-type="char"
  >
    t
  </span>
  <span
    data-type="char"
  >
    h
  </span>
  <span
    data-type="char"
  >
    e
  </span>
  <span
    data-type="char"
  >
     
  </span>
  <span
    data-type="char"
  >
    H
  </span>
  <span
    data-type="char"
  >
    i
  </span>
  <span
    data-type="char"
  >
    l
  </span>
  <span
    data-type="char"
  >
    l
  </span>
  <span
    data-type="char"
  >
     
  </span>
  <span
    data-type="char"
  >
    a
  </span>
  <span
    data-type="char"
  >
    t
  </span>
  <span
    data-type="char"
  >
     
  </span>
  <span
    data-type="char"
  >
    B
  </span>
  <span
    data-type="char"
  >
    a
  </span>
  <span
    data-type="char"
  >
    g
  </span>
  <span
    data-type="char"
  >
     
  </span>
  <span
    data-type="char"
  >
    E
  </span>
  <span
    data-type="char"
  >
    n
  </span>
  <span
    data-type="char"
  >
    d
  </span>
  <span
    data-type="char"
  >
     
  </span>
  <span
    data-type="char"
  >
    w
  </span>
  <span
    data-type="char"
  >
    a
  </span>
  <span
    data-type="char"
  >
    s
  </span>
  <span
    data-type="char"
  >
     
  </span>
  <span
    data-type="char"
  >
    f
  </span>
  <span
    data-type="char"
  >
    u
  </span>
  <span
    data-type="char"
  >
    l
  </span>
  <span
    data-type="char"
  >
    l
  </span>
  <span
    data-type="char"
  >
     
  </span>
  <span
    data-type="char"
  >
    o
  </span>
  <span
    data-type="char"
  >
    f
  </span>
  <span
    data-type="char"
  >
     
  </span>
  <span
    data-type="char"
  >
    t
  </span>
  <span
    data-type="char"
  >
    u
  </span>
  <span
    data-type="char"
  >
    n
  </span>
  <span
    data-type="char"
  >
    n
  </span>
  <span
    data-type="char"
  >
    e
  </span>
  <span
    data-type="char"
  >
    l
  </span>
  <span
    data-type="char"
  >
    s
  </span>
  <span
    data-type="char"
  >
     
  </span>
  <span
    data-type="char"
  >
    s
  </span>
  <span
    data-type="char"
  >
    t
  </span>
  <span
    data-type="char"
  >
    u
  </span>
  <span
    data-type="char"
  >
    f
  </span>
  <span
    data-type="char"
  >
    f
  </span>
  <span
    data-type="char"
  >
    e
  </span>
  <span
    data-type="char"
  >
    d
  </span>
  <span
    data-type="char"
  >
     
  </span>
  <span
    data-type="char"
  >
    w
  </span>
  <span
    data-type="char"
  >
    i
  </span>
  <span
    data-type="char"
  >
    t
  </span>
  <span
    data-type="char"
  >
    h
  </span>
  <span
    data-type="char"
  >
     
  </span>
  <span
    data-type="char"
  >
    t
  </span>
  <span
    data-type="char"
  >
    r
  </span>
  <span
    data-type="char"
  >
    e
  </span>
  <span
    data-type="char"
  >
    a
  </span>
  <span
    data-type="char"
  >
    s
  </span>
  <span
    data-type="char"
  >
    u
  </span>
  <span
    data-type="char"
  >
    r
  </span>
  <span
    data-type="char"
  >
    e
  </span>
  <span
    data-type="char"
  >
    .
  </span>
</div>
`;

exports[`Section View render text witouth styling 1`] = `
<div
  data-section-id="2"
>
  <span
    data-type="char"
  >
    B
  </span>
  <span
    data-type="char"
  >
    i
  </span>
  <span
    data-type="char"
  >
    l
  </span>
  <span
    data-type="char"
  >
    b
  </span>
  <span
    data-type="char"
  >
    o
  </span>
  <span
    data-type="char"
  >
     
  </span>
  <span
    data-type="char"
  >
    w
  </span>
  <span
    data-type="char"
  >
    a
  </span>
  <span
    data-type="char"
  >
    s
  </span>
  <span
    data-type="char"
  >
     
  </span>
  <span
    data-type="char"
  >
    v
  </span>
  <span
    data-type="char"
  >
    e
  </span>
  <span
    data-type="char"
  >
    r
  </span>
  <span
    data-type="char"
  >
    y
  </span>
  <span
    data-type="char"
  >
     
  </span>
  <span
    data-type="char"
  >
    r
  </span>
  <span
    data-type="char"
  >
    i
  </span>
  <span
    data-type="char"
  >
    c
  </span>
  <span
    data-type="char"
  >
    h
  </span>
  <span
    data-type="char"
  >
     
  </span>
  <span
    data-type="char"
  >
    a
  </span>
  <span
    data-type="char"
  >
    n
  </span>
  <span
    data-type="char"
  >
    d
  </span>
  <span
    data-type="char"
  >
     
  </span>
  <span
    data-type="char"
  >
    v
  </span>
  <span
    data-type="char"
  >
    e
  </span>
  <span
    data-type="char"
  >
    r
  </span>
  <span
    data-type="char"
  >
    y
  </span>
  <span
    data-type="char"
  >
     
  </span>
  <span
    data-type="char"
  >
    p
  </span>
  <span
    data-type="char"
  >
    e
  </span>
  <span
    data-type="char"
  >
    c
  </span>
  <span
    data-type="char"
  >
    u
  </span>
  <span
    data-type="char"
  >
    l
  </span>
  <span
    data-type="char"
  >
    i
  </span>
  <span
    data-type="char"
  >
    a
  </span>
  <span
    data-type="char"
  >
    r
  </span>
  <span
    data-type="char"
  >
    ,
  </span>
  <span
    data-type="char"
  >
     
  </span>
  <span
    data-type="char"
  >
    a
  </span>
  <span
    data-type="char"
  >
    n
  </span>
  <span
    data-type="char"
  >
    d
  </span>
  <span
    data-type="char"
  >
     
  </span>
  <span
    data-type="char"
  >
    h
  </span>
  <span
    data-type="char"
  >
    a
  </span>
  <span
    data-type="char"
  >
    d
  </span>
  <span
    data-type="char"
  >
     
  </span>
  <span
    data-type="char"
  >
    b
  </span>
  <span
    data-type="char"
  >
    e
  </span>
  <span
    data-type="char"
  >
    e
  </span>
  <span
    data-type="char"
  >
    n
  </span>
  <span
    data-type="char"
  >
     
  </span>
  <span
    data-type="char"
  >
    t
  </span>
  <span
    data-type="char"
  >
    h
  </span>
  <span
    data-type="char"
  >
    e
  </span>
  <span
    data-type="char"
  >
     
  </span>
  <span
    data-type="char"
  >
    w
  </span>
  <span
    data-type="char"
  >
    o
  </span>
  <span
    data-type="char"
  >
    n
  </span>
  <span
    data-type="char"
  >
    d
  </span>
  <span
    data-type="char"
  >
    e
  </span>
  <span
    data-type="char"
  >
    r
  </span>
  <span
    data-type="char"
  >
     
  </span>
  <span
    data-type="char"
  >
    o
  </span>
  <span
    data-type="char"
  >
    f
  </span>
  <span
    data-type="char"
  >
     
  </span>
  <span
    data-type="char"
  >
    t
  </span>
  <span
    data-type="char"
  >
    h
  </span>
  <span
    data-type="char"
  >
    e
  </span>
  <span
    data-type="char"
  >
     
  </span>
  <span
    data-type="char"
  >
    S
  </span>
  <span
    data-type="char"
  >
    h
  </span>
  <span
    data-type="char"
  >
    i
  </span>
  <span
    data-type="char"
  >
    r
  </span>
  <span
    data-type="char"
  >
    e
  </span>
  <span
    data-type="char"
  >
     
  </span>
  <span
    data-type="char"
  >
    f
  </span>
  <span
    data-type="char"
  >
    o
  </span>
  <span
    data-type="char"
  >
    r
  </span>
  <span
    data-type="char"
  >
     
  </span>
  <span
    data-type="char"
  >
    s
  </span>
  <span
    data-type="char"
  >
    i
  </span>
  <span
    data-type="char"
  >
    x
  </span>
  <span
    data-type="char"
  >
    t
  </span>
  <span
    data-type="char"
  >
    y
  </span>
  <span
    data-type="char"
  >
     
  </span>
  <span
    data-type="char"
  >
    y
  </span>
  <span
    data-type="char"
  >
    e
  </span>
  <span
    data-type="char"
  >
    a
  </span>
  <span
    data-type="char"
  >
    r
  </span>
  <span
    data-type="char"
  >
    s
  </span>
  <span
    data-type="char"
  >
    ,
  </span>
  <span
    data-type="char"
  >
     
  </span>
  <span
    data-type="char"
  >
    e
  </span>
  <span
    data-type="char"
  >
    v
  </span>
  <span
    data-type="char"
  >
    e
  </span>
  <span
    data-type="char"
  >
    r
  </span>
  <span
    data-type="char"
  >
     
  </span>
  <span
    data-type="char"
  >
    s
  </span>
  <span
    data-type="char"
  >
    i
  </span>
  <span
    data-type="char"
  >
    n
  </span>
  <span
    data-type="char"
  >
    c
  </span>
  <span
    data-type="char"
  >
    e
  </span>
  <span
    data-type="char"
  >
     
  </span>
  <span
    data-type="char"
  >
    h
  </span>
  <span
    data-type="char"
  >
    i
  </span>
  <span
    data-type="char"
  >
    s
  </span>
  <span
    data-type="char"
  >
     
  </span>
  <span
    data-type="char"
  >
    r
  </span>
  <span
    data-type="char"
  >
    e
  </span>
  <span
    data-type="char"
  >
    m
  </span>
  <span
    data-type="char"
  >
    a
  </span>
  <span
    data-type="char"
  >
    r
  </span>
  <span
    data-type="char"
  >
    k
  </span>
  <span
    data-type="char"
  >
    a
  </span>
  <span
    data-type="char"
  >
    b
  </span>
  <span
    data-type="char"
  >
    l
  </span>
  <span
    data-type="char"
  >
    e
  </span>
  <span
    data-type="char"
  >
     
  </span>
  <span
    data-type="char"
  >
    d
  </span>
  <span
    data-type="char"
  >
    i
  </span>
  <span
    data-type="char"
  >
    s
  </span>
  <span
    data-type="char"
  >
    a
  </span>
  <span
    data-type="char"
  >
    p
  </span>
  <span
    data-type="char"
  >
    p
  </span>
  <span
    data-type="char"
  >
    e
  </span>
  <span
    data-type="char"
  >
    a
  </span>
  <span
    data-type="char"
  >
    r
  </span>
  <span
    data-type="char"
  >
    a
  </span>
  <span
    data-type="char"
  >
    n
  </span>
  <span
    data-type="char"
  >
    c
  </span>
  <span
    data-type="char"
  >
    e
  </span>
  <span
    data-type="char"
  >
     
  </span>
  <span
    data-type="char"
  >
    a
  </span>
  <span
    data-type="char"
  >
    n
  </span>
  <span
    data-type="char"
  >
    d
  </span>
  <span
    data-type="char"
  >
     
  </span>
  <span
    data-type="char"
  >
    u
  </span>
  <span
    data-type="char"
  >
    n
  </span>
  <span
    data-type="char"
  >
    e
  </span>
  <span
    data-type="char"
  >
    x
  </span>
  <span
    data-type="char"
  >
    p
  </span>
  <span
    data-type="char"
  >
    e
  </span>
  <span
    data-type="char"
  >
    c
  </span>
  <span
    data-type="char"
  >
    t
  </span>
  <span
    data-type="char"
  >
    e
  </span>
  <span
    data-type="char"
  >
    d
  </span>
  <span
    data-type="char"
  >
     
  </span>
  <span
    data-type="char"
  >
    r
  </span>
  <span
    data-type="char"
  >
    e
  </span>
  <span
    data-type="char"
  >
    t
  </span>
  <span
    data-type="char"
  >
    u
  </span>
  <span
    data-type="char"
  >
    r
  </span>
  <span
    data-type="char"
  >
    n
  </span>
  <span
    data-type="char"
  >
    .
  </span>
  <span
    data-type="char"
  >
     
  </span>
</div>
`;
